// Jest Snapshot v1, https://goo.gl/fbAQLP

exports[`feed renders correctly 1`] = `
<div
  className="MuiBox-root MuiBox-root-418"
>
  <div
    className="MuiBox-root MuiBox-root-419"
  >
    <div>
      <header
        className="MuiPaper-root MuiAppBar-root MuiAppBar-positionFixed MuiAppBar-colorPrimary makeStyles-appBar-30 mui-fixed MuiPaper-elevation4"
      >
        <div
          className="MuiToolbar-root MuiToolbar-regular makeStyles-container-33 MuiToolbar-gutters"
        >
          <img
            alt="logo"
            src="/logo1.png"
          />
          <button
            className="MuiButtonBase-root MuiButton-root MuiButton-text makeStyles-title-35"
            disabled={false}
            onBlur={[Function]}
            onDragLeave={[Function]}
            onFocus={[Function]}
            onKeyDown={[Function]}
            onKeyUp={[Function]}
            onMouseDown={[Function]}
            onMouseLeave={[Function]}
            onMouseUp={[Function]}
            onTouchEnd={[Function]}
            onTouchMove={[Function]}
            onTouchStart={[Function]}
            tabIndex={0}
            type="button"
          >
            <span
              className="MuiButton-label"
            >
              Exploratory
            </span>
            <span
              className="MuiTouchRipple-root"
            />
          </button>
          <div
            className="makeStyles-flex-34"
          >
            <div
              className="PrivateHiddenCss-smDown-127"
            >
              <div>
                <ul
                  className="MuiList-root makeStyles-list-146 MuiList-padding"
                >
                  <li
                    className="MuiListItem-root makeStyles-listItem-147 MuiListItem-gutters"
                    disabled={false}
                  >
                    <a
                      aria-disabled={false}
                      className="MuiButtonBase-root MuiButton-root MuiButton-text makeStyles-button-178 makeStyles-transparent-193 makeStyles-navLink-149"
                      href="/"
                      onBlur={[Function]}
                      onDragLeave={[Function]}
                      onFocus={[Function]}
                      onKeyDown={[Function]}
                      onKeyUp={[Function]}
                      onMouseDown={[Function]}
                      onMouseLeave={[Function]}
                      onMouseUp={[Function]}
                      onTouchEnd={[Function]}
                      onTouchMove={[Function]}
                      onTouchStart={[Function]}
                      tabIndex={0}
                    >
                      <span
                        className="MuiButton-label"
                      >
                        Home
                      </span>
                      <span
                        className="MuiTouchRipple-root"
                      />
                    </a>
                  </li>
                  <li
                    className="MuiListItem-root makeStyles-listItem-147 MuiListItem-gutters"
                    disabled={false}
                  >
                    <a
                      aria-disabled={false}
                      className="MuiButtonBase-root MuiButton-root MuiButton-text makeStyles-button-178 makeStyles-transparent-193 makeStyles-navLink-149"
                      href="/aboutus"
                      onBlur={[Function]}
                      onDragLeave={[Function]}
                      onFocus={[Function]}
                      onKeyDown={[Function]}
                      onKeyUp={[Function]}
                      onMouseDown={[Function]}
                      onMouseLeave={[Function]}
                      onMouseUp={[Function]}
                      onTouchEnd={[Function]}
                      onTouchMove={[Function]}
                      onTouchStart={[Function]}
                      tabIndex={0}
                    >
                      <span
                        className="MuiButton-label"
                      >
                        About Us
                      </span>
                      <span
                        className="MuiTouchRipple-root"
                      />
                    </a>
                  </li>
                  <li
                    className="MuiListItem-root makeStyles-listItem-147 MuiListItem-gutters"
                    disabled={false}
                  >
                    <a
                      aria-disabled={false}
                      className="MuiButtonBase-root MuiButton-root MuiButton-text makeStyles-button-178 makeStyles-transparent-193 makeStyles-navLink-149"
                      href="/forum"
                      onBlur={[Function]}
                      onDragLeave={[Function]}
                      onFocus={[Function]}
                      onKeyDown={[Function]}
                      onKeyUp={[Function]}
                      onMouseDown={[Function]}
                      onMouseLeave={[Function]}
                      onMouseUp={[Function]}
                      onTouchEnd={[Function]}
                      onTouchMove={[Function]}
                      onTouchStart={[Function]}
                      tabIndex={0}
                    >
                      <span
                        className="MuiButton-label"
                      >
                        Forum
                      </span>
                      <span
                        className="MuiTouchRipple-root"
                      />
                    </a>
                  </li>
                  <li
                    className="MuiListItem-root makeStyles-listItem-147 MuiListItem-gutters"
                    disabled={false}
                  >
                    <a
                      aria-disabled={false}
                      className="MuiButtonBase-root MuiButton-root MuiButton-text makeStyles-button-178 makeStyles-transparent-193 makeStyles-navLink-149"
                      href="/project/createproject"
                      onBlur={[Function]}
                      onDragLeave={[Function]}
                      onFocus={[Function]}
                      onKeyDown={[Function]}
                      onKeyUp={[Function]}
                      onMouseDown={[Function]}
                      onMouseLeave={[Function]}
                      onMouseUp={[Function]}
                      onTouchEnd={[Function]}
                      onTouchMove={[Function]}
                      onTouchStart={[Function]}
                      tabIndex={0}
                    >
                      <span
                        className="MuiButton-label"
                      >
                        create project
                      </span>
                      <span
                        className="MuiTouchRipple-root"
                      />
                    </a>
                  </li>
                </ul>
              </div>
            </div>
          </div>
          <div
            className="PrivateHiddenCss-smDown-127"
          >
            <ul
              className="MuiList-root makeStyles-list-210 MuiList-padding"
            >
              <li
                className="MuiListItem-root makeStyles-listItem-211 MuiListItem-gutters"
                disabled={false}
              >
                <div
                  className="MuiInputBase-root MuiOutlinedInput-root MuiInputBase-adornedEnd MuiOutlinedInput-adornedEnd"
                  onClick={[Function]}
                >
                  <input
                    className="MuiInputBase-input MuiOutlinedInput-input MuiInputBase-inputAdornedEnd MuiOutlinedInput-inputAdornedEnd"
                    id="outlined-adornment-password"
                    name="searchString"
                    onAnimationStart={[Function]}
                    onBlur={[Function]}
                    onChange={[Function]}
                    onFocus={[Function]}
                    type="text"
                  />
                  <div
                    className="MuiInputAdornment-root MuiInputAdornment-positionEnd"
                  >
                    <button
                      aria-label="search"
                      className="MuiButtonBase-root MuiIconButton-root MuiIconButton-edgeEnd"
                      disabled={false}
                      onBlur={[Function]}
                      onClick={[Function]}
                      onDragLeave={[Function]}
                      onFocus={[Function]}
                      onKeyDown={[Function]}
                      onKeyUp={[Function]}
                      onMouseDown={[Function]}
                      onMouseLeave={[Function]}
                      onMouseUp={[Function]}
                      onTouchEnd={[Function]}
                      onTouchMove={[Function]}
                      onTouchStart={[Function]}
                      tabIndex={0}
                      type="button"
                    >
                      <span
                        className="MuiIconButton-label"
                      >
                        <svg
                          aria-hidden="true"
                          className="MuiSvgIcon-root"
                          focusable="false"
                          viewBox="0 0 24 24"
                        >
                          <path
                            d="M15.5 14h-.79l-.28-.27C15.41 12.59 16 11.11 16 9.5 16 5.91 13.09 3 9.5 3S3 5.91 3 9.5 5.91 16 9.5 16c1.61 0 3.09-.59 4.23-1.57l.27.28v.79l5 4.99L20.49 19l-4.99-5zm-6 0C7.01 14 5 11.99 5 9.5S7.01 5 9.5 5 14 7.01 14 9.5 11.99 14 9.5 14z"
                          />
                        </svg>
                      </span>
                      <span
                        className="MuiTouchRipple-root"
                      />
                    </button>
                  </div>
                  <fieldset
                    aria-hidden={true}
                    className="PrivateNotchedOutline-root-285 MuiOutlinedInput-notchedOutline"
                    style={
                      Object {
                        "paddingLeft": 8,
                      }
                    }
                  >
                    <legend
                      className="PrivateNotchedOutline-legend-286"
                      style={
                        Object {
                          "width": 0.01,
                        }
                      }
                    >
                      <span
                        dangerouslySetInnerHTML={
                          Object {
                            "__html": "&#8203;",
                          }
                        }
                      />
                    </legend>
                  </fieldset>
                </div>
              </li>
              <li
                className="MuiListItem-root makeStyles-listItem-211 MuiListItem-gutters"
                disabled={false}
              >
                <div
                  style={
                    Object {
                      "position": "relative",
                    }
                  }
                >
                  <button
                    className="MuiButtonBase-root MuiIconButton-root"
                    disabled={false}
                    onBlur={[Function]}
                    onClick={[Function]}
                    onDragLeave={[Function]}
                    onFocus={[Function]}
                    onKeyDown={[Function]}
                    onKeyUp={[Function]}
                    onMouseDown={[Function]}
                    onMouseLeave={[Function]}
                    onMouseUp={[Function]}
                    onTouchEnd={[Function]}
                    onTouchMove={[Function]}
                    onTouchStart={[Function]}
                    tabIndex={0}
                    type="button"
                  >
                    <span
                      className="MuiIconButton-label"
                    >
                      <span
                        className="MuiBadge-root"
                      >
                        <svg
                          aria-hidden="true"
                          className="MuiSvgIcon-root MuiSvgIcon-fontSizeLarge"
                          focusable="false"
                          viewBox="0 0 24 24"
                        >
                          <path
                            d="M12 22c1.1 0 2-.9 2-2h-4c0 1.1.89 2 2 2zm6-6v-5c0-3.07-1.64-5.64-4.5-6.32V4c0-.83-.67-1.5-1.5-1.5s-1.5.67-1.5 1.5v.68C7.63 5.36 6 7.92 6 11v5l-2 2v1h16v-1l-2-2z"
                          />
                        </svg>
                        <span
                          className="MuiBadge-badge MuiBadge-anchorOriginTopRightRectangle MuiBadge-colorPrimary"
                        >
                          4
                        </span>
                      </span>
                    </span>
                    <span
                      className="MuiTouchRipple-root"
                    />
                  </button>
                </div>
                <div
                  style={
                    Object {
                      "bottom": 20,
                      "minWidth": 325,
                      "position": "fixed",
                      "right": 25,
                      "zIndex": 1,
                    }
                  }
                />
              </li>
              <li
                className="MuiListItem-root makeStyles-listItem-211 MuiListItem-gutters"
                disabled={false}
              >
                <div>
                  <div>
                    <button
                      aria-haspopup="true"
                      aria-label="Notifications"
                      aria-owns={null}
                      className="MuiButtonBase-root MuiButton-root MuiButton-text makeStyles-button-178 makeStyles-transparent-193 makeStyles-navLink-213 makeStyles-imageDropdownButton-226"
                      disabled={false}
                      onBlur={[Function]}
                      onClick={[Function]}
                      onDragLeave={[Function]}
                      onFocus={[Function]}
                      onKeyDown={[Function]}
                      onKeyUp={[Function]}
                      onMouseDown={[Function]}
                      onMouseLeave={[Function]}
                      onMouseUp={[Function]}
                      onTouchEnd={[Function]}
                      onTouchMove={[Function]}
                      onTouchStart={[Function]}
                      tabIndex={0}
                      type="button"
                    >
                      <span
                        className="MuiButton-label"
                      >
                        <img
                          alt="profile"
                          className="makeStyles-img-225"
                          src="undefined"
                        />
                        <div
                          className="makeStyles-imageLink-215"
                          color="transparent"
                        >
                          gamlath
                        </div>
                      </span>
                      <span
                        className="MuiTouchRipple-root"
                      />
                    </button>
                  </div>
                </div>
              </li>
            </ul>
          </div>
        </div>
      </header>
    </div>
  </div>
  <div
    className="MuiBox-root MuiBox-root-420"
  >
    <div
      className="makeStyles-root-325"
    >
      <div
        className="MuiContainer-root MuiContainer-maxWidthSm"
        style={
          Object {
            "backgroundColor": "#cfe8fc",
            "padding": "10px",
          }
        }
      >
        <div
          className="MuiPaper-root MuiCard-root makeStyles-root-334 MuiPaper-elevation1 MuiPaper-rounded"
        >
          <div
            className="MuiCardHeader-root"
          >
            <div
              className="MuiCardHeader-avatar"
            >
              <div
                className="MuiAvatar-root MuiAvatar-circle makeStyles-avatar-336 MuiAvatar-colorDefault"
              >
                <svg
                  aria-hidden="true"
                  className="MuiSvgIcon-root MuiAvatar-fallback"
                  focusable="false"
                  viewBox="0 0 24 24"
                >
                  <path
                    d="M12 12c2.21 0 4-1.79 4-4s-1.79-4-4-4-4 1.79-4 4 1.79 4 4 4zm0 2c-2.67 0-8 1.34-8 4v2h16v-2c0-2.66-5.33-4-8-4z"
                  />
                </svg>
              </div>
            </div>
            <div
              className="MuiCardHeader-content"
            >
              <span
                className="MuiTypography-root MuiCardHeader-title MuiTypography-body2 MuiTypography-displayBlock"
              >
                Indika Perera - University of Moratuwa
              </span>
              <span
                className="MuiTypography-root MuiCardHeader-subheader MuiTypography-body2 MuiTypography-colorTextSecondary MuiTypography-displayBlock"
              >
                Published on: 2020 02 20
              </span>
            </div>
          </div>
          <div
            className="MuiCardMedia-root makeStyles-media-335"
            style={
              Object {
                "backgroundImage": "url(\\"/images/tmp/food.jpg\\")",
              }
            }
          />
          <div
            className="MuiCardContent-root"
          >
            <h3
              className="MuiBox-root MuiBox-root-421"
            >
              <a
                className="MuiTypography-root MuiLink-root MuiLink-underlineHover MuiTypography-colorPrimary"
                href="/project/viewproject/1"
                onBlur={[Function]}
                onFocus={[Function]}
              >
                Introduction to Computer Architecture
              </a>
            </h3>
            <p
              className="MuiTypography-root MuiTypography-body2 MuiTypography-colorTextSecondary"
            >
              When I say output, I mean not just output viewable to the end user as in the case of a dialog box, but also HTML output that will eventually be printed to a page with JavaScript. Note that HTML output is rendered by the browser, making any formatting of the HTML of no consequence to the end user. It is the scripter who benefits from cleanly formatted source code. When you create a plain HTML page and view it in your browser, if it doesn't look right, what do you do? You look at the source code. ...
            </p>
          </div>
          <hr
            className="MuiDivider-root"
          />
          <div
            className="MuiCardActions-root"
          >
            <button
              className="MuiButtonBase-root MuiButton-root MuiButton-outlined"
              disabled={false}
              onBlur={[Function]}
              onDragLeave={[Function]}
              onFocus={[Function]}
              onKeyDown={[Function]}
              onKeyUp={[Function]}
              onMouseDown={[Function]}
              onMouseLeave={[Function]}
              onMouseUp={[Function]}
              onTouchEnd={[Function]}
              onTouchMove={[Function]}
              onTouchStart={[Function]}
              tabIndex={0}
              type="button"
            >
              <span
                className="MuiButton-label"
              >
                <span
                  className="MuiButton-startIcon MuiButton-iconSizeMedium"
                >
                  <svg
                    aria-hidden="true"
                    className="MuiSvgIcon-root"
                    focusable="false"
                    viewBox="0 0 24 24"
                  >
                    <path
                      d="M17 3H7c-1.1 0-1.99.9-1.99 2L5 21l7-3 7 3V5c0-1.1-.9-2-2-2zm0 15l-5-2.18L7 18V5h10v13z"
                    />
                  </svg>
                </span>
                Follow
              </span>
              <span
                className="MuiTouchRipple-root"
              />
            </button>
          </div>
        </div>
        <div
          className="MuiPaper-root MuiCard-root makeStyles-root-334 MuiPaper-elevation1 MuiPaper-rounded"
        >
          <div
            className="MuiCardHeader-root"
          >
            <div
              className="MuiCardHeader-avatar"
            >
              <div
                className="MuiAvatar-root MuiAvatar-circle makeStyles-avatar-336 MuiAvatar-colorDefault"
              >
                <svg
                  aria-hidden="true"
                  className="MuiSvgIcon-root MuiAvatar-fallback"
                  focusable="false"
                  viewBox="0 0 24 24"
                >
                  <path
                    d="M12 12c2.21 0 4-1.79 4-4s-1.79-4-4-4-4 1.79-4 4 1.79 4 4 4zm0 2c-2.67 0-8 1.34-8 4v2h16v-2c0-2.66-5.33-4-8-4z"
                  />
                </svg>
              </div>
            </div>
            <div
              className="MuiCardHeader-content"
            >
              <span
                className="MuiTypography-root MuiCardHeader-title MuiTypography-body2 MuiTypography-displayBlock"
              >
                Indika Perera - University of Moratuwa
              </span>
              <span
                className="MuiTypography-root MuiCardHeader-subheader MuiTypography-body2 MuiTypography-colorTextSecondary MuiTypography-displayBlock"
              >
                Published on: 2020 02 20
              </span>
            </div>
          </div>
          <div
            className="MuiCardMedia-root makeStyles-media-335"
            style={
              Object {
                "backgroundImage": "url(\\"/images/tmp/food.jpg\\")",
              }
            }
          />
          <div
            className="MuiCardContent-root"
          >
            <h3
              className="MuiBox-root MuiBox-root-422"
            >
              <a
                className="MuiTypography-root MuiLink-root MuiLink-underlineHover MuiTypography-colorPrimary"
                href="/project/viewproject/1"
                onBlur={[Function]}
                onFocus={[Function]}
              >
                Introduction to Computer Architecture
              </a>
            </h3>
            <p
              className="MuiTypography-root MuiTypography-body2 MuiTypography-colorTextSecondary"
            >
              When I say output, I mean not just output viewable to the end user as in the case of a dialog box, but also HTML output that will eventually be printed to a page with JavaScript. Note that HTML output is rendered by the browser, making any formatting of the HTML of no consequence to the end user. It is the scripter who benefits from cleanly formatted source code. When you create a plain HTML page and view it in your browser, if it doesn't look right, what do you do? You look at the source code. ...
            </p>
          </div>
          <hr
            className="MuiDivider-root"
          />
          <div
            className="MuiCardActions-root"
          >
            <button
              className="MuiButtonBase-root MuiButton-root MuiButton-outlined"
              disabled={false}
              onBlur={[Function]}
              onDragLeave={[Function]}
              onFocus={[Function]}
              onKeyDown={[Function]}
              onKeyUp={[Function]}
              onMouseDown={[Function]}
              onMouseLeave={[Function]}
              onMouseUp={[Function]}
              onTouchEnd={[Function]}
              onTouchMove={[Function]}
              onTouchStart={[Function]}
              tabIndex={0}
              type="button"
            >
              <span
                className="MuiButton-label"
              >
                <span
                  className="MuiButton-startIcon MuiButton-iconSizeMedium"
                >
                  <svg
                    aria-hidden="true"
                    className="MuiSvgIcon-root"
                    focusable="false"
                    viewBox="0 0 24 24"
                  >
                    <path
                      d="M17 3H7c-1.1 0-1.99.9-1.99 2L5 21l7-3 7 3V5c0-1.1-.9-2-2-2zm0 15l-5-2.18L7 18V5h10v13z"
                    />
                  </svg>
                </span>
                Follow
              </span>
              <span
                className="MuiTouchRipple-root"
              />
            </button>
          </div>
        </div>
        <div
          className="MuiPaper-root MuiCard-root makeStyles-root-334 MuiPaper-elevation1 MuiPaper-rounded"
        >
          <div
            className="MuiCardHeader-root"
          >
            <div
              className="MuiCardHeader-avatar"
            >
              <div
                className="MuiAvatar-root MuiAvatar-circle makeStyles-avatar-336 MuiAvatar-colorDefault"
              >
                <svg
                  aria-hidden="true"
                  className="MuiSvgIcon-root MuiAvatar-fallback"
                  focusable="false"
                  viewBox="0 0 24 24"
                >
                  <path
                    d="M12 12c2.21 0 4-1.79 4-4s-1.79-4-4-4-4 1.79-4 4 1.79 4 4 4zm0 2c-2.67 0-8 1.34-8 4v2h16v-2c0-2.66-5.33-4-8-4z"
                  />
                </svg>
              </div>
            </div>
            <div
              className="MuiCardHeader-content"
            >
              <span
                className="MuiTypography-root MuiCardHeader-title MuiTypography-body2 MuiTypography-displayBlock"
              >
                Indika Perera - University of Moratuwa
              </span>
              <span
                className="MuiTypography-root MuiCardHeader-subheader MuiTypography-body2 MuiTypography-colorTextSecondary MuiTypography-displayBlock"
              >
                Published on: 2020 02 20
              </span>
            </div>
          </div>
          <div
            className="MuiCardMedia-root makeStyles-media-335"
            style={
              Object {
                "backgroundImage": "url(\\"/images/tmp/food.jpg\\")",
              }
            }
          />
          <div
            className="MuiCardContent-root"
          >
            <h3
              className="MuiBox-root MuiBox-root-423"
            >
              <a
                className="MuiTypography-root MuiLink-root MuiLink-underlineHover MuiTypography-colorPrimary"
                href="/project/viewproject/1"
                onBlur={[Function]}
                onFocus={[Function]}
              >
                Introduction to Computer Architecture
              </a>
            </h3>
            <p
              className="MuiTypography-root MuiTypography-body2 MuiTypography-colorTextSecondary"
            >
              When I say output, I mean not just output viewable to the end user as in the case of a dialog box, but also HTML output that will eventually be printed to a page with JavaScript. Note that HTML output is rendered by the browser, making any formatting of the HTML of no consequence to the end user. It is the scripter who benefits from cleanly formatted source code. When you create a plain HTML page and view it in your browser, if it doesn't look right, what do you do? You look at the source code. ...
            </p>
          </div>
          <hr
            className="MuiDivider-root"
          />
          <div
            className="MuiCardActions-root"
          >
            <button
              className="MuiButtonBase-root MuiButton-root MuiButton-outlined"
              disabled={false}
              onBlur={[Function]}
              onDragLeave={[Function]}
              onFocus={[Function]}
              onKeyDown={[Function]}
              onKeyUp={[Function]}
              onMouseDown={[Function]}
              onMouseLeave={[Function]}
              onMouseUp={[Function]}
              onTouchEnd={[Function]}
              onTouchMove={[Function]}
              onTouchStart={[Function]}
              tabIndex={0}
              type="button"
            >
              <span
                className="MuiButton-label"
              >
                <span
                  className="MuiButton-startIcon MuiButton-iconSizeMedium"
                >
                  <svg
                    aria-hidden="true"
                    className="MuiSvgIcon-root"
                    focusable="false"
                    viewBox="0 0 24 24"
                  >
                    <path
                      d="M17 3H7c-1.1 0-1.99.9-1.99 2L5 21l7-3 7 3V5c0-1.1-.9-2-2-2zm0 15l-5-2.18L7 18V5h10v13z"
                    />
                  </svg>
                </span>
                Follow
              </span>
              <span
                className="MuiTouchRipple-root"
              />
            </button>
          </div>
        </div>
      </div>
    </div>
  </div>
  <div
    className="MuiBox-root MuiBox-root-424"
  >
    <div>
      <footer
        className="makeStyles-footer2-406"
      >
        <div
          className="MuiContainer-root MuiContainer-maxWidthSm"
        >
          <p
            className="MuiTypography-root MuiTypography-body2 MuiTypography-alignCenter"
          >
            Copyright © 
            <a
              className="MuiTypography-root MuiLink-root MuiLink-underlineHover MuiTypography-colorInherit"
              href="#"
              onBlur={[Function]}
              onFocus={[Function]}
            >
              Exploratory
            </a>
             
            2020
            .
          </p>
        </div>
      </footer>
    </div>
  </div>
</div>
`;
