// Jest Snapshot v1, https://goo.gl/fbAQLP

exports[`feed renders correctly 1`] = `
<div
  style={
    Object {
      "backgroundImage": "url(/images/feed/feedBackground.jpg)",
      "height": "100%",
    }
  }
>
  <div
    className="MuiBox-root MuiBox-root-13"
  >
    <div
      className="MuiBox-root MuiBox-root-14"
    >
      <div
        className="makeStyles-root-4"
      >
        <div
          className="MuiContainer-root MuiContainer-maxWidthSm"
        >
          <div
            style={
              Object {
                "margin": "auto",
                "paddingTop": "100px",
              }
            }
          >
            No Projects
          </div>
        </div>
      </div>
    </div>
  </div>
</div>
`;
