// Jest Snapshot v1, https://goo.gl/fbAQLP

exports[`feed renders correctly 1`] = `
<div
  className="MuiBox-root MuiBox-root-151"
>
  <div
    className="MuiBox-root MuiBox-root-152"
  >
    <div
      className="makeStyles-root-4"
    >
      <div
        className="MuiContainer-root MuiContainer-maxWidthSm"
        style={
          Object {
            "backgroundColor": "#cfe8fc",
            "padding": "10px",
          }
        }
      >
        <div
          className="MuiPaper-root MuiCard-root makeStyles-root-13 MuiPaper-elevation1 MuiPaper-rounded"
        >
          <div
            className="MuiCardHeader-root"
          >
            <div
              className="MuiCardHeader-avatar"
            >
              <div
                className="MuiAvatar-root MuiAvatar-circle makeStyles-avatar-15 MuiAvatar-colorDefault"
              >
                <svg
                  aria-hidden="true"
                  className="MuiSvgIcon-root MuiAvatar-fallback"
                  focusable="false"
                  viewBox="0 0 24 24"
                >
                  <path
                    d="M12 12c2.21 0 4-1.79 4-4s-1.79-4-4-4-4 1.79-4 4 1.79 4 4 4zm0 2c-2.67 0-8 1.34-8 4v2h16v-2c0-2.66-5.33-4-8-4z"
                  />
                </svg>
              </div>
            </div>
            <div
              className="MuiCardHeader-content"
            >
              <span
                className="MuiTypography-root MuiCardHeader-title MuiTypography-body2 MuiTypography-displayBlock"
              >
                Indika Perera - University of Moratuwa
              </span>
              <span
                className="MuiTypography-root MuiCardHeader-subheader MuiTypography-body2 MuiTypography-colorTextSecondary MuiTypography-displayBlock"
              >
                Published on: 2020 02 20
              </span>
            </div>
          </div>
          <div
            className="MuiCardMedia-root makeStyles-media-14"
            style={
              Object {
                "backgroundImage": "url(\\"/images/tmp/food.jpg\\")",
              }
            }
          />
          <div
            className="MuiCardContent-root"
          >
            <h3
              className="MuiBox-root MuiBox-root-153"
            >
              <a
                className="MuiTypography-root MuiLink-root MuiLink-underlineHover MuiTypography-colorPrimary"
                href="/project/viewproject/1"
                onBlur={[Function]}
                onFocus={[Function]}
              >
                Introduction to Computer Architecture
              </a>
            </h3>
            <p
              className="MuiTypography-root MuiTypography-body2 MuiTypography-colorTextSecondary"
            >
              When I say output, I mean not just output viewable to the end user as in the case of a dialog box, but also HTML output that will eventually be printed to a page with JavaScript. Note that HTML output is rendered by the browser, making any formatting of the HTML of no consequence to the end user. It is the scripter who benefits from cleanly formatted source code. When you create a plain HTML page and view it in your browser, if it doesn't look right, what do you do? You look at the source code. ...
            </p>
          </div>
          <hr
            className="MuiDivider-root"
          />
          <div
            className="MuiCardActions-root"
          >
            <button
              className="MuiButtonBase-root MuiButton-root MuiButton-outlined"
              disabled={false}
              onBlur={[Function]}
              onDragLeave={[Function]}
              onFocus={[Function]}
              onKeyDown={[Function]}
              onKeyUp={[Function]}
              onMouseDown={[Function]}
              onMouseLeave={[Function]}
              onMouseUp={[Function]}
              onTouchEnd={[Function]}
              onTouchMove={[Function]}
              onTouchStart={[Function]}
              tabIndex={0}
              type="button"
            >
              <span
                className="MuiButton-label"
              >
                <span
                  className="MuiButton-startIcon MuiButton-iconSizeMedium"
                >
                  <svg
                    aria-hidden="true"
                    className="MuiSvgIcon-root"
                    focusable="false"
                    viewBox="0 0 24 24"
                  >
                    <path
                      d="M17 3H7c-1.1 0-1.99.9-1.99 2L5 21l7-3 7 3V5c0-1.1-.9-2-2-2zm0 15l-5-2.18L7 18V5h10v13z"
                    />
                  </svg>
                </span>
                Follow
              </span>
            </button>
          </div>
        </div>
        <div
          className="MuiPaper-root MuiCard-root makeStyles-root-13 MuiPaper-elevation1 MuiPaper-rounded"
        >
          <div
            className="MuiCardHeader-root"
          >
            <div
              className="MuiCardHeader-avatar"
            >
              <div
                className="MuiAvatar-root MuiAvatar-circle makeStyles-avatar-15 MuiAvatar-colorDefault"
              >
                <svg
                  aria-hidden="true"
                  className="MuiSvgIcon-root MuiAvatar-fallback"
                  focusable="false"
                  viewBox="0 0 24 24"
                >
                  <path
                    d="M12 12c2.21 0 4-1.79 4-4s-1.79-4-4-4-4 1.79-4 4 1.79 4 4 4zm0 2c-2.67 0-8 1.34-8 4v2h16v-2c0-2.66-5.33-4-8-4z"
                  />
                </svg>
              </div>
            </div>
            <div
              className="MuiCardHeader-content"
            >
              <span
                className="MuiTypography-root MuiCardHeader-title MuiTypography-body2 MuiTypography-displayBlock"
              >
                Indika Perera - University of Moratuwa
              </span>
              <span
                className="MuiTypography-root MuiCardHeader-subheader MuiTypography-body2 MuiTypography-colorTextSecondary MuiTypography-displayBlock"
              >
                Published on: 2020 02 20
              </span>
            </div>
          </div>
          <div
            className="MuiCardMedia-root makeStyles-media-14"
            style={
              Object {
                "backgroundImage": "url(\\"/images/tmp/food.jpg\\")",
              }
            }
          />
          <div
            className="MuiCardContent-root"
          >
            <h3
              className="MuiBox-root MuiBox-root-154"
            >
              <a
                className="MuiTypography-root MuiLink-root MuiLink-underlineHover MuiTypography-colorPrimary"
                href="/project/viewproject/1"
                onBlur={[Function]}
                onFocus={[Function]}
              >
                Introduction to Computer Architecture
              </a>
            </h3>
            <p
              className="MuiTypography-root MuiTypography-body2 MuiTypography-colorTextSecondary"
            >
              When I say output, I mean not just output viewable to the end user as in the case of a dialog box, but also HTML output that will eventually be printed to a page with JavaScript. Note that HTML output is rendered by the browser, making any formatting of the HTML of no consequence to the end user. It is the scripter who benefits from cleanly formatted source code. When you create a plain HTML page and view it in your browser, if it doesn't look right, what do you do? You look at the source code. ...
            </p>
          </div>
          <hr
            className="MuiDivider-root"
          />
          <div
            className="MuiCardActions-root"
          >
            <button
              className="MuiButtonBase-root MuiButton-root MuiButton-outlined"
              disabled={false}
              onBlur={[Function]}
              onDragLeave={[Function]}
              onFocus={[Function]}
              onKeyDown={[Function]}
              onKeyUp={[Function]}
              onMouseDown={[Function]}
              onMouseLeave={[Function]}
              onMouseUp={[Function]}
              onTouchEnd={[Function]}
              onTouchMove={[Function]}
              onTouchStart={[Function]}
              tabIndex={0}
              type="button"
            >
              <span
                className="MuiButton-label"
              >
                <span
                  className="MuiButton-startIcon MuiButton-iconSizeMedium"
                >
                  <svg
                    aria-hidden="true"
                    className="MuiSvgIcon-root"
                    focusable="false"
                    viewBox="0 0 24 24"
                  >
                    <path
                      d="M17 3H7c-1.1 0-1.99.9-1.99 2L5 21l7-3 7 3V5c0-1.1-.9-2-2-2zm0 15l-5-2.18L7 18V5h10v13z"
                    />
                  </svg>
                </span>
                Follow
              </span>
            </button>
          </div>
        </div>
        <div
          className="MuiPaper-root MuiCard-root makeStyles-root-13 MuiPaper-elevation1 MuiPaper-rounded"
        >
          <div
            className="MuiCardHeader-root"
          >
            <div
              className="MuiCardHeader-avatar"
            >
              <div
                className="MuiAvatar-root MuiAvatar-circle makeStyles-avatar-15 MuiAvatar-colorDefault"
              >
                <svg
                  aria-hidden="true"
                  className="MuiSvgIcon-root MuiAvatar-fallback"
                  focusable="false"
                  viewBox="0 0 24 24"
                >
                  <path
                    d="M12 12c2.21 0 4-1.79 4-4s-1.79-4-4-4-4 1.79-4 4 1.79 4 4 4zm0 2c-2.67 0-8 1.34-8 4v2h16v-2c0-2.66-5.33-4-8-4z"
                  />
                </svg>
              </div>
            </div>
            <div
              className="MuiCardHeader-content"
            >
              <span
                className="MuiTypography-root MuiCardHeader-title MuiTypography-body2 MuiTypography-displayBlock"
              >
                Indika Perera - University of Moratuwa
              </span>
              <span
                className="MuiTypography-root MuiCardHeader-subheader MuiTypography-body2 MuiTypography-colorTextSecondary MuiTypography-displayBlock"
              >
                Published on: 2020 02 20
              </span>
            </div>
          </div>
          <div
            className="MuiCardMedia-root makeStyles-media-14"
            style={
              Object {
                "backgroundImage": "url(\\"/images/tmp/food.jpg\\")",
              }
            }
          />
          <div
            className="MuiCardContent-root"
          >
            <h3
              className="MuiBox-root MuiBox-root-155"
            >
              <a
                className="MuiTypography-root MuiLink-root MuiLink-underlineHover MuiTypography-colorPrimary"
                href="/project/viewproject/1"
                onBlur={[Function]}
                onFocus={[Function]}
              >
                Introduction to Computer Architecture
              </a>
            </h3>
            <p
              className="MuiTypography-root MuiTypography-body2 MuiTypography-colorTextSecondary"
            >
              When I say output, I mean not just output viewable to the end user as in the case of a dialog box, but also HTML output that will eventually be printed to a page with JavaScript. Note that HTML output is rendered by the browser, making any formatting of the HTML of no consequence to the end user. It is the scripter who benefits from cleanly formatted source code. When you create a plain HTML page and view it in your browser, if it doesn't look right, what do you do? You look at the source code. ...
            </p>
          </div>
          <hr
            className="MuiDivider-root"
          />
          <div
            className="MuiCardActions-root"
          >
            <button
              className="MuiButtonBase-root MuiButton-root MuiButton-outlined"
              disabled={false}
              onBlur={[Function]}
              onDragLeave={[Function]}
              onFocus={[Function]}
              onKeyDown={[Function]}
              onKeyUp={[Function]}
              onMouseDown={[Function]}
              onMouseLeave={[Function]}
              onMouseUp={[Function]}
              onTouchEnd={[Function]}
              onTouchMove={[Function]}
              onTouchStart={[Function]}
              tabIndex={0}
              type="button"
            >
              <span
                className="MuiButton-label"
              >
                <span
                  className="MuiButton-startIcon MuiButton-iconSizeMedium"
                >
                  <svg
                    aria-hidden="true"
                    className="MuiSvgIcon-root"
                    focusable="false"
                    viewBox="0 0 24 24"
                  >
                    <path
                      d="M17 3H7c-1.1 0-1.99.9-1.99 2L5 21l7-3 7 3V5c0-1.1-.9-2-2-2zm0 15l-5-2.18L7 18V5h10v13z"
                    />
                  </svg>
                </span>
                Follow
              </span>
            </button>
          </div>
        </div>
      </div>
    </div>
  </div>
</div>
`;
