// Jest Snapshot v1, https://goo.gl/fbAQLP

exports[`create research renders correctly 1`] = `
<div
  className="MuiBox-root MuiBox-root-580"
>
  <div
    className="MuiBox-root MuiBox-root-581"
  >
    <div>
      <header
        className="MuiPaper-root MuiAppBar-root MuiAppBar-positionFixed MuiAppBar-colorPrimary makeStyles-appBar-37 mui-fixed MuiPaper-elevation4"
      >
        <div
          className="MuiToolbar-root MuiToolbar-regular makeStyles-container-40 MuiToolbar-gutters"
        >
          <img
            alt="logo"
            src="/logo1.png"
          />
          <button
            className="MuiButtonBase-root MuiButton-root MuiButton-text makeStyles-title-42"
            disabled={false}
            onBlur={[Function]}
            onDragLeave={[Function]}
            onFocus={[Function]}
            onKeyDown={[Function]}
            onKeyUp={[Function]}
            onMouseDown={[Function]}
            onMouseLeave={[Function]}
            onMouseUp={[Function]}
            onTouchEnd={[Function]}
            onTouchMove={[Function]}
            onTouchStart={[Function]}
            tabIndex={0}
            type="button"
          >
            <span
              className="MuiButton-label"
            >
              Exploratory
            </span>
            <span
              className="MuiTouchRipple-root"
            />
          </button>
          <div
            className="makeStyles-flex-41"
          >
            <div
              className="PrivateHiddenCss-smDown-134"
            >
              <div>
                <ul
                  className="MuiList-root makeStyles-list-153 MuiList-padding"
                >
                  <li
                    className="MuiListItem-root makeStyles-listItem-154 MuiListItem-gutters"
                    disabled={false}
                  >
                    <a
                      aria-disabled={false}
                      className="MuiButtonBase-root MuiButton-root MuiButton-text makeStyles-button-185 makeStyles-transparent-200 makeStyles-navLink-156"
                      href="/"
                      onBlur={[Function]}
                      onDragLeave={[Function]}
                      onFocus={[Function]}
                      onKeyDown={[Function]}
                      onKeyUp={[Function]}
                      onMouseDown={[Function]}
                      onMouseLeave={[Function]}
                      onMouseUp={[Function]}
                      onTouchEnd={[Function]}
                      onTouchMove={[Function]}
                      onTouchStart={[Function]}
                      tabIndex={0}
                    >
                      <span
                        className="MuiButton-label"
                      >
                        Home
                      </span>
                      <span
                        className="MuiTouchRipple-root"
                      />
                    </a>
                  </li>
                  <li
                    className="MuiListItem-root makeStyles-listItem-154 MuiListItem-gutters"
                    disabled={false}
                  >
                    <a
                      aria-disabled={false}
                      className="MuiButtonBase-root MuiButton-root MuiButton-text makeStyles-button-185 makeStyles-transparent-200 makeStyles-navLink-156"
                      href="/aboutus"
                      onBlur={[Function]}
                      onDragLeave={[Function]}
                      onFocus={[Function]}
                      onKeyDown={[Function]}
                      onKeyUp={[Function]}
                      onMouseDown={[Function]}
                      onMouseLeave={[Function]}
                      onMouseUp={[Function]}
                      onTouchEnd={[Function]}
                      onTouchMove={[Function]}
                      onTouchStart={[Function]}
                      tabIndex={0}
                    >
                      <span
                        className="MuiButton-label"
                      >
                        About Us
                      </span>
                      <span
                        className="MuiTouchRipple-root"
                      />
                    </a>
                  </li>
                  <li
                    className="MuiListItem-root makeStyles-listItem-154 MuiListItem-gutters"
                    disabled={false}
                  >
                    <a
                      aria-disabled={false}
                      className="MuiButtonBase-root MuiButton-root MuiButton-text makeStyles-button-185 makeStyles-transparent-200 makeStyles-navLink-156"
                      href="/forum"
                      onBlur={[Function]}
                      onDragLeave={[Function]}
                      onFocus={[Function]}
                      onKeyDown={[Function]}
                      onKeyUp={[Function]}
                      onMouseDown={[Function]}
                      onMouseLeave={[Function]}
                      onMouseUp={[Function]}
                      onTouchEnd={[Function]}
                      onTouchMove={[Function]}
                      onTouchStart={[Function]}
                      tabIndex={0}
                    >
                      <span
                        className="MuiButton-label"
                      >
                        Forum
                      </span>
                      <span
                        className="MuiTouchRipple-root"
                      />
                    </a>
                  </li>
                  <li
                    className="MuiListItem-root makeStyles-listItem-154 MuiListItem-gutters"
                    disabled={false}
                  >
                    <a
                      aria-disabled={false}
                      className="MuiButtonBase-root MuiButton-root MuiButton-text makeStyles-button-185 makeStyles-transparent-200 makeStyles-navLink-156"
                      href="/project/createproject"
                      onBlur={[Function]}
                      onDragLeave={[Function]}
                      onFocus={[Function]}
                      onKeyDown={[Function]}
                      onKeyUp={[Function]}
                      onMouseDown={[Function]}
                      onMouseLeave={[Function]}
                      onMouseUp={[Function]}
                      onTouchEnd={[Function]}
                      onTouchMove={[Function]}
                      onTouchStart={[Function]}
                      tabIndex={0}
                    >
                      <span
                        className="MuiButton-label"
                      >
                        create project
                      </span>
                      <span
                        className="MuiTouchRipple-root"
                      />
                    </a>
                  </li>
                </ul>
              </div>
            </div>
          </div>
          <div
            className="PrivateHiddenCss-smDown-134"
          >
            <ul
              className="MuiList-root makeStyles-list-217 MuiList-padding"
            >
              <li
                className="MuiListItem-root makeStyles-listItem-218 MuiListItem-gutters"
                disabled={false}
              >
                <div
                  className="MuiInputBase-root MuiOutlinedInput-root MuiInputBase-adornedEnd MuiOutlinedInput-adornedEnd"
                  onClick={[Function]}
                >
                  <input
                    className="MuiInputBase-input MuiOutlinedInput-input MuiInputBase-inputAdornedEnd MuiOutlinedInput-inputAdornedEnd"
                    id="outlined-adornment-password"
                    name="searchString"
                    onAnimationStart={[Function]}
                    onBlur={[Function]}
                    onChange={[Function]}
                    onFocus={[Function]}
                    type="text"
                  />
                  <div
                    className="MuiInputAdornment-root MuiInputAdornment-positionEnd"
                  >
                    <button
                      aria-label="search"
                      className="MuiButtonBase-root MuiIconButton-root MuiIconButton-edgeEnd"
                      disabled={false}
                      onBlur={[Function]}
                      onClick={[Function]}
                      onDragLeave={[Function]}
                      onFocus={[Function]}
                      onKeyDown={[Function]}
                      onKeyUp={[Function]}
                      onMouseDown={[Function]}
                      onMouseLeave={[Function]}
                      onMouseUp={[Function]}
                      onTouchEnd={[Function]}
                      onTouchMove={[Function]}
                      onTouchStart={[Function]}
                      tabIndex={0}
                      type="button"
                    >
                      <span
                        className="MuiIconButton-label"
                      >
                        <svg
                          aria-hidden="true"
                          className="MuiSvgIcon-root"
                          focusable="false"
                          viewBox="0 0 24 24"
                        >
                          <path
                            d="M15.5 14h-.79l-.28-.27C15.41 12.59 16 11.11 16 9.5 16 5.91 13.09 3 9.5 3S3 5.91 3 9.5 5.91 16 9.5 16c1.61 0 3.09-.59 4.23-1.57l.27.28v.79l5 4.99L20.49 19l-4.99-5zm-6 0C7.01 14 5 11.99 5 9.5S7.01 5 9.5 5 14 7.01 14 9.5 11.99 14 9.5 14z"
                          />
                        </svg>
                      </span>
                      <span
                        className="MuiTouchRipple-root"
                      />
                    </button>
                  </div>
                  <fieldset
                    aria-hidden={true}
                    className="PrivateNotchedOutline-root-292 MuiOutlinedInput-notchedOutline"
                    style={
                      Object {
                        "paddingLeft": 8,
                      }
                    }
                  >
                    <legend
                      className="PrivateNotchedOutline-legend-293"
                      style={
                        Object {
                          "width": 0.01,
                        }
                      }
                    >
                      <span
                        dangerouslySetInnerHTML={
                          Object {
                            "__html": "&#8203;",
                          }
                        }
                      />
                    </legend>
                  </fieldset>
                </div>
              </li>
              <li
                className="MuiListItem-root makeStyles-listItem-218 MuiListItem-gutters"
                disabled={false}
              >
                <div
                  style={
                    Object {
                      "position": "relative",
                    }
                  }
                >
                  <button
                    className="MuiButtonBase-root MuiIconButton-root"
                    disabled={false}
                    onBlur={[Function]}
                    onClick={[Function]}
                    onDragLeave={[Function]}
                    onFocus={[Function]}
                    onKeyDown={[Function]}
                    onKeyUp={[Function]}
                    onMouseDown={[Function]}
                    onMouseLeave={[Function]}
                    onMouseUp={[Function]}
                    onTouchEnd={[Function]}
                    onTouchMove={[Function]}
                    onTouchStart={[Function]}
                    tabIndex={0}
                    type="button"
                  >
                    <span
                      className="MuiIconButton-label"
                    >
                      <span
                        className="MuiBadge-root"
                      >
                        <svg
                          aria-hidden="true"
                          className="MuiSvgIcon-root MuiSvgIcon-fontSizeLarge"
                          focusable="false"
                          viewBox="0 0 24 24"
                        >
                          <path
                            d="M12 22c1.1 0 2-.9 2-2h-4c0 1.1.89 2 2 2zm6-6v-5c0-3.07-1.64-5.64-4.5-6.32V4c0-.83-.67-1.5-1.5-1.5s-1.5.67-1.5 1.5v.68C7.63 5.36 6 7.92 6 11v5l-2 2v1h16v-1l-2-2z"
                          />
                        </svg>
                        <span
                          className="MuiBadge-badge MuiBadge-anchorOriginTopRightRectangle MuiBadge-colorPrimary"
                        >
                          4
                        </span>
                      </span>
                    </span>
                    <span
                      className="MuiTouchRipple-root"
                    />
                  </button>
                </div>
                <div
                  style={
                    Object {
                      "bottom": 20,
                      "minWidth": 325,
                      "position": "fixed",
                      "right": 25,
                      "zIndex": 1,
                    }
                  }
                />
              </li>
              <li
                className="MuiListItem-root makeStyles-listItem-218 MuiListItem-gutters"
                disabled={false}
              >
                <div>
                  <div>
                    <button
                      aria-haspopup="true"
                      aria-label="Notifications"
                      aria-owns={null}
                      className="MuiButtonBase-root MuiButton-root MuiButton-text makeStyles-button-185 makeStyles-transparent-200 makeStyles-navLink-220 makeStyles-imageDropdownButton-233"
                      disabled={false}
                      onBlur={[Function]}
                      onClick={[Function]}
                      onDragLeave={[Function]}
                      onFocus={[Function]}
                      onKeyDown={[Function]}
                      onKeyUp={[Function]}
                      onMouseDown={[Function]}
                      onMouseLeave={[Function]}
                      onMouseUp={[Function]}
                      onTouchEnd={[Function]}
                      onTouchMove={[Function]}
                      onTouchStart={[Function]}
                      tabIndex={0}
                      type="button"
                    >
                      <span
                        className="MuiButton-label"
                      >
                        <img
                          alt="profile"
                          className="makeStyles-img-232"
                          src="data:image/jpeg;base64,undefined"
                        />
                        <div
                          className="makeStyles-imageLink-222"
                          color="transparent"
                        >
                          madhavi
                        </div>
                      </span>
                      <span
                        className="MuiTouchRipple-root"
                      />
                    </button>
                  </div>
                </div>
              </li>
            </ul>
          </div>
        </div>
      </header>
    </div>
  </div>
  <div
    className="MuiBox-root MuiBox-root-582"
  >
    <main
      className="makeStyles-layout-2"
    >
      <div
        className="MuiPaper-root makeStyles-paper-3 MuiPaper-elevation5 MuiPaper-rounded"
      >
        <div
          className="MuiGrid-root MuiGrid-container MuiGrid-spacing-xs-3"
        >
          <div
            className="MuiGrid-root MuiGrid-item MuiGrid-grid-xs-12"
          >
            <h6
              className="MuiTypography-root MuiTypography-h6 MuiTypography-alignCenter"
            >
              CREATE PROJECT
            </h6>
          </div>
          <div
            className="MuiGrid-root MuiGrid-item MuiGrid-grid-xs-12"
          >
            <div
              className="MuiFormControl-root MuiTextField-root MuiFormControl-fullWidth"
            >
              <label
                className="MuiFormLabel-root MuiInputLabel-root MuiInputLabel-formControl MuiInputLabel-animated MuiInputLabel-outlined Mui-required Mui-required"
                data-shrink={false}
                htmlFor="title"
                id="title-label"
              >
                Project Title
                <span
                  className="MuiFormLabel-asterisk MuiInputLabel-asterisk"
                >
                   
                  *
                </span>
              </label>
              <div
                className="MuiInputBase-root MuiOutlinedInput-root MuiInputBase-fullWidth MuiInputBase-formControl"
                onClick={[Function]}
              >
                <input
                  aria-invalid={false}
                  autoComplete="project title"
                  autoFocus={false}
                  className="MuiInputBase-input MuiOutlinedInput-input"
                  disabled={false}
                  id="title"
                  name="title"
                  onAnimationStart={[Function]}
                  onBlur={[Function]}
                  onChange={[Function]}
                  onFocus={[Function]}
                  required={true}
                  type="text"
                />
                <fieldset
                  aria-hidden={true}
                  className="PrivateNotchedOutline-root-292 MuiOutlinedInput-notchedOutline"
                >
                  <legend
                    className="PrivateNotchedOutline-legendLabelled-294"
                  >
                    <span>
                      Project Title
                       *
                    </span>
                  </legend>
                </fieldset>
              </div>
            </div>
          </div>
          <div
            className="MuiGrid-root MuiGrid-item MuiGrid-grid-xs-12"
          >
            <div
              className="MuiFormControl-root MuiTextField-root MuiFormControl-fullWidth"
            >
              <label
                className="MuiFormLabel-root MuiInputLabel-root MuiInputLabel-formControl MuiInputLabel-animated MuiInputLabel-outlined Mui-required Mui-required"
                data-shrink={false}
                htmlFor="description"
                id="description-label"
              >
                description
                <span
                  className="MuiFormLabel-asterisk MuiInputLabel-asterisk"
                >
                   
                  *
                </span>
              </label>
              <div
                className="MuiInputBase-root MuiOutlinedInput-root MuiInputBase-fullWidth MuiInputBase-formControl"
                onClick={[Function]}
              >
                <input
                  aria-invalid={false}
                  autoComplete="project description"
                  autoFocus={false}
                  className="MuiInputBase-input MuiOutlinedInput-input"
                  disabled={false}
                  id="description"
                  name="description"
                  onAnimationStart={[Function]}
                  onBlur={[Function]}
                  onChange={[Function]}
                  onFocus={[Function]}
                  required={true}
                  type="text"
                />
                <fieldset
                  aria-hidden={true}
                  className="PrivateNotchedOutline-root-292 MuiOutlinedInput-notchedOutline"
                >
                  <legend
                    className="PrivateNotchedOutline-legendLabelled-294"
                  >
                    <span>
                      description
                       *
                    </span>
                  </legend>
                </fieldset>
              </div>
            </div>
          </div>
          <div
            className="MuiGrid-root MuiGrid-item MuiGrid-grid-xs-12"
          >
            <div
              aria-expanded={false}
              aria-owns={null}
              className="MuiAutocomplete-root MuiAutocomplete-hasClearIcon MuiAutocomplete-hasPopupIcon"
              onClick={[Function]}
              onKeyDown={[Function]}
              onMouseDown={[Function]}
              role="combobox"
              style={
                Object {
                  "width": 500,
                }
              }
            >
              <div
                className="MuiFormControl-root MuiTextField-root MuiFormControl-fullWidth"
              >
                <label
                  className="MuiFormLabel-root MuiInputLabel-root MuiInputLabel-formControl MuiInputLabel-animated MuiInputLabel-shrink MuiInputLabel-outlined"
                  data-shrink={true}
                  htmlFor="fixed-collaborators-demo"
                  id="fixed-collaborators-demo-label"
                >
                  Collaborators
                </label>
                <div
                  className="MuiInputBase-root MuiOutlinedInput-root MuiAutocomplete-inputRoot MuiInputBase-fullWidth MuiInputBase-formControl MuiInputBase-adornedStart MuiOutlinedInput-adornedStart MuiInputBase-adornedEnd MuiOutlinedInput-adornedEnd"
                  onClick={[Function]}
                >
                  <div
                    aria-disabled={true}
                    className="MuiChip-root MuiAutocomplete-tag Mui-disabled MuiChip-deletable"
                    data-tag-index={0}
                    onKeyDown={[Function]}
                    onKeyUp={[Function]}
                    role="button"
                    tabIndex={-1}
                  >
                    <div
                      className="MuiAvatar-root MuiAvatar-circle MuiChip-avatar"
                    >
                      <img
                        alt="propic"
                        className="MuiAvatar-img"
                        src="avatar-1.jpg"
                      />
                    </div>
                    <span
                      className="MuiChip-label"
                    >
                      madhavi gayathri
                    </span>
                    <svg
                      aria-hidden="true"
                      className="MuiSvgIcon-root MuiChip-deleteIcon"
                      focusable="false"
                      onClick={[Function]}
                      viewBox="0 0 24 24"
                    >
                      <path
                        d="M12 2C6.47 2 2 6.47 2 12s4.47 10 10 10 10-4.47 10-10S17.53 2 12 2zm5 13.59L15.59 17 12 13.41 8.41 17 7 15.59 10.59 12 7 8.41 8.41 7 12 10.59 15.59 7 17 8.41 13.41 12 17 15.59z"
                      />
                    </svg>
                  </div>
                  <input
                    aria-activedescendant={null}
                    aria-autocomplete="list"
                    aria-controls={null}
                    aria-invalid={false}
                    autoCapitalize="none"
                    autoComplete="off"
                    autoFocus={false}
                    className="MuiInputBase-input MuiOutlinedInput-input MuiAutocomplete-input MuiAutocomplete-inputFocused MuiInputBase-inputAdornedStart MuiOutlinedInput-inputAdornedStart MuiInputBase-inputAdornedEnd MuiOutlinedInput-inputAdornedEnd"
                    disabled={false}
                    id="fixed-collaborators-demo"
                    name="collaborators"
                    onAnimationStart={[Function]}
                    onBlur={[Function]}
                    onChange={[Function]}
                    onFocus={[Function]}
                    onMouseDown={[Function]}
                    required={false}
                    spellCheck="false"
                    type="text"
                    value=""
                  />
                  <div
                    className="MuiAutocomplete-endAdornment"
                  >
                    <button
                      aria-label="Clear"
                      className="MuiButtonBase-root MuiIconButton-root MuiAutocomplete-clearIndicator MuiAutocomplete-clearIndicatorDirty"
                      disabled={false}
                      onBlur={[Function]}
                      onClick={[Function]}
                      onDragLeave={[Function]}
                      onFocus={[Function]}
                      onKeyDown={[Function]}
                      onKeyUp={[Function]}
                      onMouseDown={[Function]}
                      onMouseLeave={[Function]}
                      onMouseUp={[Function]}
                      onTouchEnd={[Function]}
                      onTouchMove={[Function]}
                      onTouchStart={[Function]}
                      tabIndex={-1}
                      title="Clear"
                      type="button"
                    >
                      <span
                        className="MuiIconButton-label"
                      >
                        <svg
                          aria-hidden="true"
                          className="MuiSvgIcon-root MuiSvgIcon-fontSizeSmall"
                          focusable="false"
                          viewBox="0 0 24 24"
                        >
                          <path
                            d="M19 6.41L17.59 5 12 10.59 6.41 5 5 6.41 10.59 12 5 17.59 6.41 19 12 13.41 17.59 19 19 17.59 13.41 12z"
                          />
                        </svg>
                      </span>
                      <span
                        className="MuiTouchRipple-root"
                      />
                    </button>
                    <button
                      aria-label="Open"
                      className="MuiButtonBase-root MuiIconButton-root MuiAutocomplete-popupIndicator"
                      disabled={false}
                      onBlur={[Function]}
                      onClick={[Function]}
                      onDragLeave={[Function]}
                      onFocus={[Function]}
                      onKeyDown={[Function]}
                      onKeyUp={[Function]}
                      onMouseDown={[Function]}
                      onMouseLeave={[Function]}
                      onMouseUp={[Function]}
                      onTouchEnd={[Function]}
                      onTouchMove={[Function]}
                      onTouchStart={[Function]}
                      tabIndex={-1}
                      title="Open"
                      type="button"
                    >
                      <span
                        className="MuiIconButton-label"
                      >
                        <svg
                          aria-hidden="true"
                          className="MuiSvgIcon-root"
                          focusable="false"
                          viewBox="0 0 24 24"
                        >
                          <path
                            d="M7 10l5 5 5-5z"
                          />
                        </svg>
                      </span>
                      <span
                        className="MuiTouchRipple-root"
                      />
                    </button>
                  </div>
                  <fieldset
                    aria-hidden={true}
                    className="PrivateNotchedOutline-root-292 MuiOutlinedInput-notchedOutline"
                  >
                    <legend
                      className="PrivateNotchedOutline-legendLabelled-294 PrivateNotchedOutline-legendNotched-295"
                    >
                      <span>
                        Collaborators
                      </span>
                    </legend>
                  </fieldset>
                </div>
              </div>
            </div>
          </div>
          <div
            className="MuiGrid-root MuiGrid-item MuiGrid-grid-xs-12"
          >
            <div
              aria-expanded={false}
              aria-owns={null}
              className="MuiAutocomplete-root MuiAutocomplete-hasClearIcon MuiAutocomplete-hasPopupIcon"
              name="tags"
              onClick={[Function]}
              onKeyDown={[Function]}
              onMouseDown={[Function]}
              role="combobox"
              style={
                Object {
                  "width": 500,
                }
              }
            >
              <div
                className="MuiFormControl-root MuiTextField-root MuiFormControl-fullWidth"
              >
                <label
                  className="MuiFormLabel-root MuiInputLabel-root MuiInputLabel-formControl MuiInputLabel-animated MuiInputLabel-outlined"
                  data-shrink={false}
                  htmlFor="fixed-tags-demo"
                  id="fixed-tags-demo-label"
                >
                  tags
                </label>
                <div
                  className="MuiInputBase-root MuiOutlinedInput-root MuiAutocomplete-inputRoot MuiInputBase-fullWidth MuiInputBase-formControl MuiInputBase-adornedEnd MuiOutlinedInput-adornedEnd"
                  onClick={[Function]}
                >
                  <input
                    aria-activedescendant={null}
                    aria-autocomplete="list"
                    aria-controls={null}
                    aria-invalid={false}
                    autoCapitalize="none"
                    autoComplete="off"
                    autoFocus={false}
                    className="MuiInputBase-input MuiOutlinedInput-input MuiAutocomplete-input MuiAutocomplete-inputFocused MuiInputBase-inputAdornedEnd MuiOutlinedInput-inputAdornedEnd"
                    disabled={false}
                    id="fixed-tags-demo"
                    name="tags"
                    onAnimationStart={[Function]}
                    onBlur={[Function]}
                    onChange={[Function]}
                    onFocus={[Function]}
                    onMouseDown={[Function]}
                    required={false}
                    spellCheck="false"
                    type="text"
                    value=""
                  />
                  <div
                    className="MuiAutocomplete-endAdornment"
                  >
                    <button
                      aria-label="Clear"
                      className="MuiButtonBase-root MuiIconButton-root MuiAutocomplete-clearIndicator"
                      disabled={false}
                      onBlur={[Function]}
                      onClick={[Function]}
                      onDragLeave={[Function]}
                      onFocus={[Function]}
                      onKeyDown={[Function]}
                      onKeyUp={[Function]}
                      onMouseDown={[Function]}
                      onMouseLeave={[Function]}
                      onMouseUp={[Function]}
                      onTouchEnd={[Function]}
                      onTouchMove={[Function]}
                      onTouchStart={[Function]}
                      tabIndex={-1}
                      title="Clear"
                      type="button"
                    >
                      <span
                        className="MuiIconButton-label"
                      >
                        <svg
                          aria-hidden="true"
                          className="MuiSvgIcon-root MuiSvgIcon-fontSizeSmall"
                          focusable="false"
                          viewBox="0 0 24 24"
                        >
                          <path
                            d="M19 6.41L17.59 5 12 10.59 6.41 5 5 6.41 10.59 12 5 17.59 6.41 19 12 13.41 17.59 19 19 17.59 13.41 12z"
                          />
                        </svg>
                      </span>
                      <span
                        className="MuiTouchRipple-root"
                      />
                    </button>
                    <button
                      aria-label="Open"
                      className="MuiButtonBase-root MuiIconButton-root MuiAutocomplete-popupIndicator"
                      disabled={false}
                      onBlur={[Function]}
                      onClick={[Function]}
                      onDragLeave={[Function]}
                      onFocus={[Function]}
                      onKeyDown={[Function]}
                      onKeyUp={[Function]}
                      onMouseDown={[Function]}
                      onMouseLeave={[Function]}
                      onMouseUp={[Function]}
                      onTouchEnd={[Function]}
                      onTouchMove={[Function]}
                      onTouchStart={[Function]}
                      tabIndex={-1}
                      title="Open"
                      type="button"
                    >
                      <span
                        className="MuiIconButton-label"
                      >
                        <svg
                          aria-hidden="true"
                          className="MuiSvgIcon-root"
                          focusable="false"
                          viewBox="0 0 24 24"
                        >
                          <path
                            d="M7 10l5 5 5-5z"
                          />
                        </svg>
                      </span>
                      <span
                        className="MuiTouchRipple-root"
                      />
                    </button>
                  </div>
                  <fieldset
                    aria-hidden={true}
                    className="PrivateNotchedOutline-root-292 MuiOutlinedInput-notchedOutline"
                  >
                    <legend
                      className="PrivateNotchedOutline-legendLabelled-294"
                    >
                      <span>
                        tags
                      </span>
                    </legend>
                  </fieldset>
                </div>
              </div>
            </div>
          </div>
          <div
            align="end"
            className="MuiGrid-root MuiGrid-item MuiGrid-grid-xs-12"
          >
            <button
              className="MuiButtonBase-root MuiButton-root MuiButton-contained MuiButton-containedPrimary"
              disabled={false}
              onBlur={[Function]}
              onClick={[Function]}
              onDragLeave={[Function]}
              onFocus={[Function]}
              onKeyDown={[Function]}
              onKeyUp={[Function]}
              onMouseDown={[Function]}
              onMouseLeave={[Function]}
              onMouseUp={[Function]}
              onTouchEnd={[Function]}
              onTouchMove={[Function]}
              onTouchStart={[Function]}
              tabIndex={0}
              type="button"
            >
              <span
                className="MuiButton-label"
              >
                Create Project
              </span>
              <span
                className="MuiTouchRipple-root"
              />
            </button>
          </div>
        </div>
      </div>
    </main>
  </div>
  <div
    className="MuiBox-root MuiBox-root-583"
  >
    <div>
      <footer
        className="makeStyles-footer2-554"
      >
        <div
          className="MuiContainer-root MuiContainer-maxWidthSm"
        >
          <p
            className="MuiTypography-root MuiTypography-body2 MuiTypography-alignCenter"
          >
            Copyright © 
            <a
              className="MuiTypography-root MuiLink-root MuiLink-underlineHover MuiTypography-colorInherit"
              href="#"
              onBlur={[Function]}
              onFocus={[Function]}
            >
              Exploratory
            </a>
             
            2020
            .
          </p>
        </div>
      </footer>
    </div>
  </div>
</div>
`;
